..........................F...............FF............................ [ 83%]
..............                                                           [100%]
================================== FAILURES ===================================
_ test_x_signal_buy_paths_block_when_topup_reports_success_but_pol_remains_low _

monkeypatch = <_pytest.monkeypatch.MonkeyPatch object at 0x00000279B5EB1F40>

    def test_x_signal_buy_paths_block_when_topup_reports_success_but_pol_remains_low(monkeypatch):
        monkeypatch.setattr(clean_swap, "ENABLE_X_SIGNAL_EQUITY", True)
        monkeypatch.setattr(clean_swap, "AUTO_TOPUP_POL", True)
        monkeypatch.setattr(clean_swap, "MIN_POL_FOR_GAS", 0.005)
        monkeypatch.setattr(clean_swap, "_load_followed_equities_json_dict", lambda: {"enabled": True, "min_signal_strength": 0.60})
        monkeypatch.setattr(clean_swap, "_effective_equity_signal_min", lambda cfg: 0.60)
    
        base_trader = type(
            "BaseTrader",
            (),
            {
                "load_followed_equities": lambda self: [
                    clean_swap.FollowedEquity(
                        symbol="WMATIC_ALPHA",
                        token_address="0x0d500B1d8E8eF31E21C99d1Db9A6444d3ADf1270",
                        decimals=18,
                        signal_strength=0.92,
                    )
                ]
            },
        )()
        monkeypatch.setattr(clean_swap, "X_SIGNAL_EQUITY_TRADER", base_trader)
    
        tuned_trader = _DummyTunedTrader()
        monkeypatch.setattr(clean_swap, "_tuned_signal_equity_trader", lambda min_strength: tuned_trader)
        monkeypatch.setattr(clean_swap, "ensure_pol_for_trade", lambda min_pol=0.005: True)
    
        balances_sequence = [
            clean_swap.Balances(usdt=40.0, wmatic=10.0, pol=0.001, usdc=20.0),
            clean_swap.Balances(usdt=40.0, wmatic=10.0, pol=0.001, usdc=20.0),
        ]
    
        def _get_balances():
            return balances_sequence.pop(0) if balances_sequence else clean_swap.Balances(
                usdt=40.0, wmatic=10.0, pol=0.001, usdc=20.0
            )
    
        monkeypatch.setattr(clean_swap, "get_balances", _get_balances)
        monkeypatch.setattr(clean_swap, "can_trade_asset", lambda symbol, now=None, cooldown_seconds=0: True)
    
>       decision = clean_swap.try_x_signal_equity_decision(
            clean_swap.Balances(usdt=40.0, wmatic=10.0, pol=0.001, usdc=20.0),
            dry_run=False,
        )

tests\unit\test_clean_swap.py:350: 
_ _ _ _ _ _ _ _ _ _ _ _ _ _ _ _ _ _ _ _ _ _ _ _ _ _ _ _ _ _ _ _ _ _ _ _ _ _ _ _

balances = Balances(usdt=40.0, wmatic=10.0, pol=0.001, usdc=20.0)

    def try_x_signal_equity_decision(balances: Balances, *, dry_run: bool = False) -> Optional[TradeDecision]:
        """Highest-priority iteration: eligible assets ╫ SignalEquityTrader.build_plan; first plan wins."""
        decision: Optional[TradeDecision] = None
        result: Optional[str] = None
        eligible_count = 0
        # Python if/else blocks do not create a new local scope; assignments below mutate this function-local flag.
        buy_paths_allowed = True
        buy_paths_block_reason = f"pol<{MIN_POL_FOR_GAS:.4f} and AUTO_TOPUP_POL=false"
    
        def _polygon_chain_hint(sym: str, token_address: str) -> Optional[str]:
            t = (token_address or "").strip().lower()
            eth_like = {
                "0xb812837b81a3a6b81d7cd74cfb19a7f2784555e5",
                "0xba47214edd2bb43099611b208f75e4b42fdcfedc",
                "0x2d1f7226bd1f780af6b9a49dcc0ae00e8df4bdee",
            }
            if t in eth_like:
                return f"{sym}: token may be wrong chain (not Polygon)"
            return None
    
        if not ENABLE_X_SIGNAL_EQUITY:
            print(
                f"X-SIGNAL EQUITY SUMMARY | Assets checked: {eligible_count} | USDC: ${balances.usdc:.2f} | "
                f"Result: {'NO_TRADE_ENABLE_X_SIGNAL_EQUITY_FALSE'}"
            )
            return None
    
        # Proactive USDC maintenance: ensure USDC never drops too low for X-Signal buys.
        if not dry_run:
            current_balances = get_balances()
            if current_balances.usdc < X_SIGNAL_USDC_SAFE_FLOOR:
                print(f"\U0001f680 PROACTIVE USDC TOP-UP triggered (have ${current_balances.usdc:.2f} < ${X_SIGNAL_USDC_SAFE_FLOOR:.2f}, target ${X_SIGNAL_AUTO_USDC_TARGET:.2f})")
                ensure_usdc_for_x_signal(min_usdc=X_SIGNAL_AUTO_USDC_TARGET, min_wmatic_value=X_SIGNAL_WMATIC_MIN_VALUE, force=True)
                # Refresh balances after potential top-up.
                balances = get_balances()
    
        cfg = _load_followed_equities_json_dict()
        cfg_enabled = bool(cfg.get("enabled", True)) if isinstance(cfg, dict) else True
        min_strength = _effective_equity_signal_min(cfg)
        strong_thr = float(getattr(getattr(X_SIGNAL_EQUITY_TRADER, 'config', None), 'strong_signal_threshold', 0.80))
        force_high_conviction = bool(getattr(getattr(X_SIGNAL_EQUITY_TRADER, 'config', None), 'force_high_conviction', True))
        print(
            f"{_nanolog()}X-Signal eligibility floor = {min_strength:.4f}; "
            f"strong_threshold = {strong_thr:.4f}; force_high_conviction = {force_high_conviction}"
        )
    
        assets_seq = X_SIGNAL_EQUITY_TRADER.load_followed_equities()
        assets, eligible = _sorted_and_eligible_equities(
            assets_seq,
            min_strength,
            strong_thr,
            force_high_conviction=force_high_conviction,
        )
        eligible_count = len(eligible)
        high_conviction = bool(cfg_enabled) and any(
            float(a.signal_strength) >= strong_thr for a in eligible if float(a.signal_strength) > 0
        )
        if high_conviction and X_SIGNAL_FORCE_HIGH_CONVICTION:
            print(
                f"\U0001f680 HIGH-CONVICTION MODE ACTIVE \u2014 {strong_thr:.2f}+ signal present, "
                "force_high_conviction enabled, gas protection relaxed for this cycle"
            )
        elif high_conviction:
            print(
                f"\u26a0\ufe0f HIGH-CONVICTION signal present ({strong_thr:.2f}+), but force_high_conviction is disabled"
            )
    
        print(f"\U0001f7e6 X-SIGNAL EQUITY CHECK | Checking {len(assets)} assets")
        if not cfg_enabled:
            result = f"NO TRADE | followed_equities disabled (enabled=false in {FOLLOWED_EQUITIES_PATH})"
            print(f"\U0001f7e6 X-SIGNAL EQUITY | {result}")
        elif not assets:
            result = "NO TRADE | no assets loaded (missing file, bad JSON, or empty assets[])"
            print(f"\U0001f7e6 X-SIGNAL EQUITY | {result}")
        elif not eligible:
            result = (
                f"NO TRADE | no_asset_above_threshold (need abs(signal)>={min_strength:.2f}; "
                f"raise signal or lower min_signal_strength/env X_SIGNAL_EQUITY_MIN_STRENGTH)"
            )
            print(
                f"\U0001f7e6 X-SIGNAL EQUITY | No valid plan this cycle "
                f"(reason: no_asset_above_threshold (>={min_strength:.2f}))"
            )
        else:
            # === PnL+ SPRINT OVERRIDE (high-conviction bypass) ===
            if high_conviction:
                print(
                    f"\U0001f680 HIGH-CONVICTION GAS OVERRIDE | {strong_thr:.2f}+ strength detected \u2014 bypassing 450 gwei limit "
                    "(PnL+ Sprint Mode, high return high conviction, net expected positive)"
                )
                # Force USDC top-up for high-conviction.
                if dry_run:
                    balances = _project_balances_after_auto_usdc(
                        balances,
                        min_usdc=8.0,
                        min_wmatic_value=12.0,
                    )
                else:
                    topup_ok = ensure_usdc_for_x_signal(min_usdc=8.0, min_wmatic_value=12.0)
                    balances = get_balances()
                    if not topup_ok and balances.usdc < 8.0:
                        print(
                            "\U0001f7e6 X-SIGNAL EQUITY | Auto-USDC failed during HIGH-CONVICTION prep "
                            "(PnL+ Sprint Mode, high return high conviction)"
                        )
                        _log_trade_skipped(
                            f"AUTO-USDC failed during high-conviction prep (have ${balances.usdc:.2f}, need $8.00)"
                        )
    
            strong_thr = float(os.getenv("X_SIGNAL_STRONG_THRESHOLD", "0.80"))
            has_strong_buy = any(
                float(a.signal_strength) > 0 and float(a.signal_strength) >= strong_thr for a in eligible
            )
            trader = _tuned_signal_equity_trader(min_strength)
            min_trade_usdc = float(trader.config.min_trade_usdc)
            min_usdc = float(X_SIGNAL_USDC_MIN)
            required_usdc_floor = max(float(min_usdc), min_trade_usdc)
            # Align auto-USDC with equity sizing: never aim below min_trade_usdc.
            auto_usdc_target = required_usdc_floor
    
            force_floor = float(min_usdc)
            if has_strong_buy and balances.usdc < max(force_floor, auto_usdc_target):
                if dry_run:
                    balances = _project_balances_after_auto_usdc(
                        balances,
                        min_usdc=max(force_floor, auto_usdc_target),
                        min_wmatic_value=float(X_SIGNAL_WMATIC_MIN_VALUE),
                    )
                else:
                    topup_ok = ensure_usdc_for_x_signal(
                        min_usdc=max(force_floor, auto_usdc_target),
                        min_wmatic_value=float(X_SIGNAL_WMATIC_MIN_VALUE),
                    )
                    balances = get_balances()
                    if not topup_ok and balances.usdc < max(force_floor, min_trade_usdc):
                        print(
                            "\U0001f7e6 X-SIGNAL EQUITY | Auto-USDC attempt failed "
                            "(guard/tx) ù BUY paths may be skipped"
                        )
                        _log_trade_skipped(
                            f"AUTO-USDC failed (have ${balances.usdc:.2f}, need ${max(force_floor, min_trade_usdc):.2f})"
                        )
                if balances.usdc >= max(force_floor, min_trade_usdc):
                    if dry_run:
                        print(
                            "\U0001f7e6 X-SIGNAL EQUITY | DRY-RUN: projected post auto-USDC | Proceeding with BUY analysis"
                        )
                    else:
                        print("\U0001f7e6 X-SIGNAL EQUITY | USDC ensured via WMATIC/USDT | Proceeding with BUY")
                else:
                    print(
                        f"\U0001f7e6 X-SIGNAL EQUITY | Auto-USDC insufficient for BUY equity "
                        f"(USDC ${balances.usdc:.2f} < ${max(force_floor, min_trade_usdc):.2f}) ù BUY paths skipped"
                    )
                    _log_trade_skipped(
                        f"USDC low (have ${balances.usdc:.2f}, need ${max(force_floor, min_trade_usdc):.2f})"
                    )
    
            if not dry_run and has_strong_buy:
                balances = get_balances()
                if float(balances.pol) < float(MIN_POL_FOR_GAS):
                    if AUTO_TOPUP_POL:
                        if ensure_pol_for_trade(min_pol=float(MIN_POL_FOR_GAS)):
                            balances = get_balances()
                            if float(balances.pol) >= float(MIN_POL_FOR_GAS):
                                # Recover BUY paths if a prior top-up attempt failed but this one succeeds.
                                buy_paths_allowed = True
                                buy_paths_block_reason = (
                                    f"pol recovered to >= {MIN_POL_FOR_GAS:.4f} after AUTO_TOPUP_POL=true retry"
                                )
                            else:
                                print(
                                    f"{_nanolog()}AUTO-POL reported success but POL still low "
                                    f"(pol\u2248{float(balances.pol):.4f} < {MIN_POL_FOR_GAS:.4f}) \u2014 BUY paths skipped"
                                )
                                buy_paths_allowed = False
                                buy_paths_block_reason = (
                                    f"pol<{MIN_POL_FOR_GAS:.4f} after AUTO_TOPUP_POL=true success response"
                                )
                                _log_trade_skipped(
                                    f"POL low for BUY path after top-up (pol={float(balances.pol):.4f}, min={MIN_POL_FOR_GAS:.4f})"
                                )
                        else:
                            print(
                                f"{_nanolog()}AUTO-POL failed during X-SIGNAL prep "
                                f"(pol<{MIN_POL_FOR_GAS:.4f}) ù BUY paths skipped"
                            )
                            buy_paths_allowed = False
                            buy_paths_block_reason = (
                                f"pol<{MIN_POL_FOR_GAS:.4f} and AUTO_TOPUP_POL=true (auto-topup failed)"
                            )
                    else:
                        print(
                            f"{_nanolog()}POL low (pol\u2248{float(balances.pol):.4f} < {MIN_POL_FOR_GAS:.4f}) "
                            f"and AUTO_TOPUP_POL=false ù BUY paths skipped"
                        )
                        buy_paths_allowed = False
                        buy_paths_block_reason = f"pol<{MIN_POL_FOR_GAS:.4f} and AUTO_TOPUP_POL=false"
                        _log_trade_skipped(
                            f"POL low for BUY path (pol={float(balances.pol):.4f}, min={MIN_POL_FOR_GAS:.4f})"
                        )
    
            secs_order = int(trader.config.per_asset_cooldown_seconds)
            eligible_ordered = _order_eligible_x_signal_candidates(eligible, per_asset_cooldown_seconds=secs_order)
    
            print(f"{_nanolog()}=== ELIGIBLE ASSET ORDERING ===")
            for _a in eligible_ordered:
                _sym = str(_a.symbol).strip()
                _sig = float(_a.signal_strength)
                _floor = _effective_floor_for_equity(_a, min_strength)
                _cd_ok = can_trade_asset(_sym, None, secs_order)
                _is_hc = _sig >= 0.80
                print(
                    f"{_nanolog()}  {_sym:12s} | sig={_sig:6.3f} | high_conviction={_is_hc:5} | cooldown_ok={_cd_ok:5}"
                )
            print(f"{_nanolog()}=== END ORDERING ===\n")
    
            reason_parts: list[str] = []
            chain_notes: list[str] = []
    
            for a in eligible:
                hint = _polygon_chain_hint(str(a.symbol), str(a.token_address))
                if hint:
                    chain_notes.append(hint)
    
            print(f"{_nanolog()}=== BUILDING TRADE PLANS ===")
            for a in eligible_ordered:
                sym = str(a.symbol).strip()
                sig = float(a.signal_strength)
                action_label = "BUY" if sig > 0 else "SELL"
                is_high_conviction = sig >= 0.80
    
                print(
                    f"\U0001f7e6 X-SIGNAL EQUITY ACTIVE | {sym:12s} | sig={sig:6.3f} | action={action_label} | hc={is_high_conviction}"
                )
    
                # === HIGH-CONVICTION BYPASS: skip non-safety filters for 0.80+ ===
                if is_high_conviction and sig > 0:
                    print(
                        f"{_nanolog()}  \u279c HIGH-CONVICTION BYPASS ACTIVE for {sym} "
                        f"(force_high_conviction={force_high_conviction})"
                    )
    
                # === POL check for BUY paths (safety-critical, not bypassed) ===
                if sig > 0 and not buy_paths_allowed and not is_high_conviction:
                    print(
                        f"{_nanolog()}  \u274c BUY blocked for {sym}: {buy_paths_block_reason} "
                        f"(signal {sig:.3f} < 0.80 high-conviction)"
                    )
                    reason_parts.append(f"{sym}: buy_skipped_pol ({buy_paths_block_reason})")
                    _log_trade_skipped(f"POL low ({sym} buy blocked, not high-conviction)")
                    continue
    
                # === USDC check for BUY paths (unless high-conviction with auto-fill) ===
                if sig > 0 and balances.usdc < required_usdc_floor and not is_high_conviction:
                    print(
                        f"{_nanolog()}  \u274c BUY blocked for {sym}: USDC low "
                        f"(${balances.usdc:.2f} < ${required_usdc_floor:.2f}, not high-conviction)"
                    )
                    reason_parts.append(
                        f"{sym}: buy_skipped_usdc (have ${balances.usdc:.2f}, need ${required_usdc_floor:.2f})"
                    )
                    _log_trade_skipped(f"USDC low ({sym} buy blocked, not high-conviction)")
                    continue
    
                # === Retrieve equity balance ===
                equity_bal = get_token_balance(a.token_address, int(a.decimals))
    
                # === BUILD PLAN ===
                plan, plan_block = trader.build_plan_with_block_reason(
                    symbol=sym,
                    token_address=str(a.token_address).strip(),
                    token_decimals=int(a.decimals),
                    signal_strength=sig,
                    earnings_proximity_days=a.earnings_days,
                    current_price_usd=a.current_price_usd,
                    usdc_balance=balances.usdc,
                    equity_balance=equity_bal,
                    wallet_address_for_gas=WALLET,
                    can_trade_asset=can_trade_asset,
                    allow_high_gas_override=high_conviction,
                )
    
                if plan:
>                   dynamic_trade_size_usdc = float(plan.trade_size)
                                                    ^^^^^^^^^^^^^^^
E                   AttributeError: 'object' object has no attribute 'trade_size'

clean_swap.py:1152: AttributeError
---------------------------- Captured stdout call -----------------------------
[nanoclaw] X-Signal eligibility floor = 0.6000; strong_threshold = 0.8000; force_high_conviction = True\n[nanoclaw] === ELIGIBILITY CHECK START ===\n[nanoclaw]   min_strength=0.600 | strong_threshold=0.800 | force_high_conviction=True\n[nanoclaw]   \u2705 ELIGIBLE | WMATIC_ALPHA | signal= 0.920 | by: force_high_conviction (0.80+) | strong_threshold (0.800+) | asset_floor (0.600+)\n[nanoclaw] === ELIGIBILITY CHECK END: 1/1 eligible ===\n\n\U0001f680 HIGH-CONVICTION MODE ACTIVE \u2014 0.80+ signal present, force_high_conviction enabled, gas protection relaxed for this cycle\n\U0001f7e6 X-SIGNAL EQUITY CHECK | Checking 1 assets\n\U0001f680 HIGH-CONVICTION GAS OVERRIDE | 0.80+ strength detected \u2014 bypassing 450 gwei limit (PnL+ Sprint Mode, high return high conviction, net expected positive)\n[nanoclaw] AUTO-POL reported success but POL still low (pol\u22480.0010 < 0.0050) \u2014 BUY paths skipped\n[nanoclaw] TRADE SKIPPED: POL low for BUY path after top-up (pol=0.0010, min=0.0050)\n[nanoclaw] === ELIGIBLE ASSET ORDERING ===\n[nanoclaw]   WMATIC_ALPHA | sig= 0.920 | high_conviction=    1 | cooldown_ok=    1\n[nanoclaw] === END ORDERING ===\n\n[nanoclaw] === BUILDING TRADE PLANS ===\n\U0001f7e6 X-SIGNAL EQUITY ACTIVE | WMATIC_ALPHA | sig= 0.920 | action=BUY | hc=True\n[nanoclaw]   \u279c HIGH-CONVICTION BYPASS ACTIVE for WMATIC_ALPHA (force_high_conviction=True)
__________ test_try_x_signal_logs_high_conviction_auto_usdc_failure ___________

monkeypatch = <_pytest.monkeypatch.MonkeyPatch object at 0x00000279B5FC5640>
capsys = <_pytest.capture.CaptureFixture object at 0x00000279B5FC4AD0>

    def test_try_x_signal_logs_high_conviction_auto_usdc_failure(monkeypatch, capsys):
        class _TunedConfig:
            min_trade_usdc = 5.0
            per_asset_cooldown_seconds = 1800
            min_pol_for_gas = 0.005
    
        class _TunedTrader:
            config = _TunedConfig()
            gas_protector = _DummyGasProtector()
    
            def build_plan(self, **kwargs):
                _ = kwargs
                return None
    
            def build_plan_with_block_reason(self, **kwargs):
                return self.build_plan(**kwargs), None
    
        class _BaseTrader:
            def load_followed_equities(self):
                return [
                    clean_swap.FollowedEquity(
                        symbol="WMATIC_ALPHA",
                        token_address="0x0d500B1d8E8eF31E21C99d1Db9A6444d3ADf1270",
                        decimals=18,
                        signal_strength=0.92,
                    )
                ]
    
        monkeypatch.setattr(clean_swap, "ENABLE_X_SIGNAL_EQUITY", True)
        monkeypatch.setattr(clean_swap, "AUTO_TOPUP_POL", False)
        monkeypatch.setattr(clean_swap, "_load_followed_equities_json_dict", lambda: {"enabled": True, "min_signal_strength": 0.60})
        monkeypatch.setattr(clean_swap, "_effective_equity_signal_min", lambda cfg: 0.60)
        monkeypatch.setattr(clean_swap, "X_SIGNAL_EQUITY_TRADER", _BaseTrader())
        monkeypatch.setattr(clean_swap, "_tuned_signal_equity_trader", lambda min_strength: _TunedTrader())
        monkeypatch.setattr(clean_swap, "can_trade_asset", lambda symbol, now=None, cooldown_seconds=0: True)
        monkeypatch.setattr(clean_swap, "get_token_balance", lambda *_args, **_kwargs: 0.0)
        monkeypatch.setattr(clean_swap, "ensure_usdc_for_x_signal", lambda min_usdc, min_wmatic_value: False)
        monkeypatch.setattr(
            clean_swap,
            "get_balances",
            lambda: clean_swap.Balances(usdt=40.0, wmatic=10.0, pol=1.0, usdc=2.0),
        )
    
>       decision = clean_swap.try_x_signal_equity_decision(
            clean_swap.Balances(usdt=40.0, wmatic=10.0, pol=1.0, usdc=2.0),
            dry_run=False,
        )

tests\unit\test_clean_swap.py:969: 
_ _ _ _ _ _ _ _ _ _ _ _ _ _ _ _ _ _ _ _ _ _ _ _ _ _ _ _ _ _ _ _ _ _ _ _ _ _ _ _

balances = Balances(usdt=40.0, wmatic=10.0, pol=1.0, usdc=2.0)

    def try_x_signal_equity_decision(balances: Balances, *, dry_run: bool = False) -> Optional[TradeDecision]:
        """Highest-priority iteration: eligible assets ╫ SignalEquityTrader.build_plan; first plan wins."""
        decision: Optional[TradeDecision] = None
        result: Optional[str] = None
        eligible_count = 0
        # Python if/else blocks do not create a new local scope; assignments below mutate this function-local flag.
        buy_paths_allowed = True
        buy_paths_block_reason = f"pol<{MIN_POL_FOR_GAS:.4f} and AUTO_TOPUP_POL=false"
    
        def _polygon_chain_hint(sym: str, token_address: str) -> Optional[str]:
            t = (token_address or "").strip().lower()
            eth_like = {
                "0xb812837b81a3a6b81d7cd74cfb19a7f2784555e5",
                "0xba47214edd2bb43099611b208f75e4b42fdcfedc",
                "0x2d1f7226bd1f780af6b9a49dcc0ae00e8df4bdee",
            }
            if t in eth_like:
                return f"{sym}: token may be wrong chain (not Polygon)"
            return None
    
        if not ENABLE_X_SIGNAL_EQUITY:
            print(
                f"X-SIGNAL EQUITY SUMMARY | Assets checked: {eligible_count} | USDC: ${balances.usdc:.2f} | "
                f"Result: {'NO_TRADE_ENABLE_X_SIGNAL_EQUITY_FALSE'}"
            )
            return None
    
        # Proactive USDC maintenance: ensure USDC never drops too low for X-Signal buys.
        if not dry_run:
            current_balances = get_balances()
            if current_balances.usdc < X_SIGNAL_USDC_SAFE_FLOOR:
                print(f"\U0001f680 PROACTIVE USDC TOP-UP triggered (have ${current_balances.usdc:.2f} < ${X_SIGNAL_USDC_SAFE_FLOOR:.2f}, target ${X_SIGNAL_AUTO_USDC_TARGET:.2f})")
>               ensure_usdc_for_x_signal(min_usdc=X_SIGNAL_AUTO_USDC_TARGET, min_wmatic_value=X_SIGNAL_WMATIC_MIN_VALUE, force=True)
E               TypeError: test_try_x_signal_logs_high_conviction_auto_usdc_failure.<locals>.<lambda>() got an unexpected keyword argument 'force'

clean_swap.py:900: TypeError
---------------------------- Captured stdout call -----------------------------
\U0001f680 PROACTIVE USDC TOP-UP triggered (have $2.00 < $20.00, target $25.00)
______________ test_try_x_signal_logs_standard_auto_usdc_failure ______________

monkeypatch = <_pytest.monkeypatch.MonkeyPatch object at 0x00000279B5FC7F80>
capsys = <_pytest.capture.CaptureFixture object at 0x00000279B5FC7440>

    def test_try_x_signal_logs_standard_auto_usdc_failure(monkeypatch, capsys):
        class _TunedConfig:
            min_trade_usdc = 5.0
            per_asset_cooldown_seconds = 1800
            min_pol_for_gas = 0.005
    
        class _TunedTrader:
            config = _TunedConfig()
            gas_protector = _DummyGasProtector()
    
            def build_plan(self, **kwargs):
                _ = kwargs
                return None
    
            def build_plan_with_block_reason(self, **kwargs):
                return self.build_plan(**kwargs), None
    
        class _BaseTrader:
            def load_followed_equities(self):
                return [
                    clean_swap.FollowedEquity(
                        symbol="WETH_ALPHA",
                        token_address="0x7ceB23fD6bC0adD59E62ac25578270cFf1b9f619",
                        decimals=18,
                        signal_strength=0.86,
                    )
                ]
    
        monkeypatch.setattr(clean_swap, "ENABLE_X_SIGNAL_EQUITY", True)
        monkeypatch.setattr(clean_swap, "AUTO_TOPUP_POL", False)
        monkeypatch.setattr(clean_swap, "_load_followed_equities_json_dict", lambda: {"enabled": True, "min_signal_strength": 0.60})
        monkeypatch.setattr(clean_swap, "_effective_equity_signal_min", lambda cfg: 0.60)
        monkeypatch.setattr(clean_swap, "X_SIGNAL_EQUITY_TRADER", _BaseTrader())
        monkeypatch.setattr(clean_swap, "_tuned_signal_equity_trader", lambda min_strength: _TunedTrader())
        monkeypatch.setattr(clean_swap, "can_trade_asset", lambda symbol, now=None, cooldown_seconds=0: True)
        monkeypatch.setattr(clean_swap, "get_token_balance", lambda *_args, **_kwargs: 0.0)
        monkeypatch.setattr(clean_swap, "ensure_usdc_for_x_signal", lambda min_usdc, min_wmatic_value: False)
        monkeypatch.setattr(
            clean_swap,
            "get_balances",
            lambda: clean_swap.Balances(usdt=40.0, wmatic=10.0, pol=1.0, usdc=2.0),
        )
    
>       decision = clean_swap.try_x_signal_equity_decision(
            clean_swap.Balances(usdt=40.0, wmatic=10.0, pol=1.0, usdc=2.0),
            dry_run=False,
        )

tests\unit\test_clean_swap.py:1022: 
_ _ _ _ _ _ _ _ _ _ _ _ _ _ _ _ _ _ _ _ _ _ _ _ _ _ _ _ _ _ _ _ _ _ _ _ _ _ _ _

balances = Balances(usdt=40.0, wmatic=10.0, pol=1.0, usdc=2.0)

    def try_x_signal_equity_decision(balances: Balances, *, dry_run: bool = False) -> Optional[TradeDecision]:
        """Highest-priority iteration: eligible assets ╫ SignalEquityTrader.build_plan; first plan wins."""
        decision: Optional[TradeDecision] = None
        result: Optional[str] = None
        eligible_count = 0
        # Python if/else blocks do not create a new local scope; assignments below mutate this function-local flag.
        buy_paths_allowed = True
        buy_paths_block_reason = f"pol<{MIN_POL_FOR_GAS:.4f} and AUTO_TOPUP_POL=false"
    
        def _polygon_chain_hint(sym: str, token_address: str) -> Optional[str]:
            t = (token_address or "").strip().lower()
            eth_like = {
                "0xb812837b81a3a6b81d7cd74cfb19a7f2784555e5",
                "0xba47214edd2bb43099611b208f75e4b42fdcfedc",
                "0x2d1f7226bd1f780af6b9a49dcc0ae00e8df4bdee",
            }
            if t in eth_like:
                return f"{sym}: token may be wrong chain (not Polygon)"
            return None
    
        if not ENABLE_X_SIGNAL_EQUITY:
            print(
                f"X-SIGNAL EQUITY SUMMARY | Assets checked: {eligible_count} | USDC: ${balances.usdc:.2f} | "
                f"Result: {'NO_TRADE_ENABLE_X_SIGNAL_EQUITY_FALSE'}"
            )
            return None
    
        # Proactive USDC maintenance: ensure USDC never drops too low for X-Signal buys.
        if not dry_run:
            current_balances = get_balances()
            if current_balances.usdc < X_SIGNAL_USDC_SAFE_FLOOR:
                print(f"\U0001f680 PROACTIVE USDC TOP-UP triggered (have ${current_balances.usdc:.2f} < ${X_SIGNAL_USDC_SAFE_FLOOR:.2f}, target ${X_SIGNAL_AUTO_USDC_TARGET:.2f})")
>               ensure_usdc_for_x_signal(min_usdc=X_SIGNAL_AUTO_USDC_TARGET, min_wmatic_value=X_SIGNAL_WMATIC_MIN_VALUE, force=True)
E               TypeError: test_try_x_signal_logs_standard_auto_usdc_failure.<locals>.<lambda>() got an unexpected keyword argument 'force'

clean_swap.py:900: TypeError
---------------------------- Captured stdout call -----------------------------
\U0001f680 PROACTIVE USDC TOP-UP triggered (have $2.00 < $20.00, target $25.00)
============================== warnings summary ===============================
C:\Users\MadanMeena\AppData\Local\Programs\Python\Python312\Lib\site-packages\websockets\legacy\__init__.py:6
  C:\Users\MadanMeena\AppData\Local\Programs\Python\Python312\Lib\site-packages\websockets\legacy\__init__.py:6: DeprecationWarning: websockets.legacy is deprecated; see https://websockets.readthedocs.io/en/stable/howto/upgrade.html for upgrade instructions
    warnings.warn(  # deprecated in 14.0 - 2024-11-09

-- Docs: https://docs.pytest.org/en/stable/how-to/capture-warnings.html
=========================== short test summary info ===========================
FAILED tests/unit/test_clean_swap.py::test_x_signal_buy_paths_block_when_topup_reports_success_but_pol_remains_low
FAILED tests/unit/test_clean_swap.py::test_try_x_signal_logs_high_conviction_auto_usdc_failure
FAILED tests/unit/test_clean_swap.py::test_try_x_signal_logs_standard_auto_usdc_failure
3 failed, 83 passed, 1 warning in 16.08s
